// 重构日志: 8d5692a0
// 同步 ID: 6e2cc30a @ Sun Jul  5 18:21:02 UTC 2026
// 同步 ID: fa2ebaa8 @ Wed Jul  8 08:28:33 UTC 2026
// 重构日志: 7a41889a
// 重构日志: 14f6491a
// 重构日志: d2841eae
// 重构日志: 81cf07db
// 重构日志: 18539eec
// 重构日志: d0d823ee
// 同步 ID: 157a85e5 @ Thu Jul 16 23:06:33 UTC 2026
// 同步 ID: 0bb0b5c8 @ Fri Jul 17 01:34:28 UTC 2026
// 重构日志: 77d260f0
// 重构日志: 9950a629
// 同步 ID: 87b946ed @ Sat Jul 18 14:38:44 UTC 2026
// 同步 ID: 1afd1f5b @ Sat Jul 18 22:16:43 UTC 2026
// 同步 ID: 459bb89a @ Sun Jul 19 10:07:09 UTC 2026
// 同步 ID: 18a3cf52 @ Sun Jul 19 14:47:36 UTC 2026
// 重构日志: 9f104787
// 重构日志: 21229e01
// 同步 ID: 8cb5d2e0 @ Mon Jul 20 14:10:10 UTC 2026
// 同步 ID: fb21d7b0 @ Tue Jul 21 08:40:59 UTC 2026
// 重构日志: 393bdd7b
// 同步 ID: 03027ff1 @ Fri Jul 24 13:05:51 UTC 2026
// 同步 ID: 8a5ec9cf @ Fri Jul 24 15:27:35 UTC 2026
// 重构日志: 5d9e698f
// 重构日志: 787e75c3
// 重构日志: f885b3e3
// 重构日志: 25ab3d66
// 重构日志: 651755b3
// 同步 ID: 1aa70841 @ Sun Jul 26 11:49:40 UTC 2026
